[appco.themetags.com/index-8.html]
[backblue.gif]
[fade.gif]
[index.html]
[appco.themetags.com/img/favicon.png]
[appco.themetags.com/css/bootstrap.min.css]
[appco.themetags.com/css/magnific-popup.css]
[appco.themetags.com/css/themify-icons.css]
[appco.themetags.com/css/animate.min.css]
[appco.themetags.com/css/owl.carousel.min.css]
[appco.themetags.com/css/owl.theme.default.min.css]
[appco.themetags.com/css/style.css]
[appco.themetags.com/css/responsive.css]
[appco.themetags.com/index-3.html]
[appco.themetags.com/img/logo-color-1x.png]
[appco.themetags.com/index.html]
[appco.themetags.com/index-2.html]
[appco.themetags.com/index-4.html]
[appco.themetags.com/index-5.html]
[appco.themetags.com/index-6.html]
[appco.themetags.com/index-7.html]
[appco.themetags.com/basic-login.html]
[appco.themetags.com/login.html]
[appco.themetags.com/basic-sign-up.html]
[appco.themetags.com/sign-up.html]
[appco.themetags.com/password-reset.html]
[appco.themetags.com/change-password.html]
[appco.themetags.com/download.html]
[appco.themetags.com/review.html]
[appco.themetags.com/faq.html]
[appco.themetags.com/404.html]
[appco.themetags.com/coming-soon.html]
[appco.themetags.com/thank-you.html]
[appco.themetags.com/team.html]
[appco.themetags.com/team-single.html]
[appco.themetags.com/blog-default.html]
[appco.themetags.com/blog-left-sidebar.html]
[appco.themetags.com/blog-single-right-sidebar.html]
[appco.themetags.com/img/app-product.png]
[appco.themetags.com/img/team-2.jpg]
[appco.themetags.com/img/team-5.jpg]
[appco.themetags.com/img/image-15.png]
[appco.themetags.com/img/image-icon-1.png]
[appco.themetags.com/img/image-icon-2.png]
[appco.themetags.com/img/image-icon-3.png]
[appco.themetags.com/img/image-icon-4.png]
[appco.themetags.com/img/image-10.png]
[appco.themetags.com/img/hero-bg-1.jpg]
[appco.themetags.com/img/basic.svg]
[appco.themetags.com/img/standard.svg]
[appco.themetags.com/img/unlimited.svg]
[appco.themetags.com/img/01.png]
[appco.themetags.com/img/02.png]
[appco.themetags.com/img/03.png]
[appco.themetags.com/img/04.png]
[appco.themetags.com/img/05.png]
[appco.themetags.com/img/06.png]
[appco.themetags.com/img/blog/1.jpg]
[appco.themetags.com/img/blog/2.jpg]
[appco.themetags.com/img/blog/3.jpg]
[appco.themetags.com/img/team-4.jpg]
[appco.themetags.com/img/team-1.jpg]
[appco.themetags.com/img/team-3.jpg]
[appco.themetags.com/img/client-5-color.png]
[appco.themetags.com/img/client-1-color.png]
[appco.themetags.com/img/client-6-color.png]
[appco.themetags.com/img/client-3-color.png]
[appco.themetags.com/img/client-4-color.png]
[appco.themetags.com/img/client-7-color.png]
[appco.themetags.com/img/client-2-color.png]
[appco.themetags.com/img/footer-top-shape.png]
[appco.themetags.com/img/footer-bg.png]
[appco.themetags.com/img/logo-white-1x.png]
[appco.themetags.com/js/jquery-3.5.0.min.js]
[appco.themetags.com/js/popper.min.js]
[appco.themetags.com/js/bootstrap.min.js]
[appco.themetags.com/js/jquery.magnific-popup.min.js]
[appco.themetags.com/js/jquery.easing.min.js]
[appco.themetags.com/js/wow.min.js]
[appco.themetags.com/js/owl.carousel.min.js]
[appco.themetags.com/js/jquery.countdown.min.js]
[appco.themetags.com/js/validator.min.js]
[appco.themetags.com/index-8.html]
[appco.themetags.com/js/scripts.js]
[appco.themetags.com/css/bootstrap.min.css]
[appco.themetags.com/css/magnific-popup.css]
[appco.themetags.com/fonts/themify9f24.eot]
[appco.themetags.com/fonts/themifyd41d.eot]
[appco.themetags.com/fonts/themify9f24.woff]
[appco.themetags.com/fonts/themify9f24.ttf]
[appco.themetags.com/css/themify-icons.css]
[appco.themetags.com/css/animate.min.css]
[appco.themetags.com/fonts/themify9f24.svg]
[appco.themetags.com/css/owl.carousel.min.css]
[appco.themetags.com/css/owl.theme.default.min.css]
[appco.themetags.com/img/hero-bg-2.jpg]
[appco.themetags.com/img/hero-bg-shape-3.svg]
[appco.themetags.com/img/promo-icon-bg.svg]
[appco.themetags.com/img/about-bg-shape.svg]
[appco.themetags.com/img/phone-frame2.png]
[appco.themetags.com/img/shape-bg-right.svg]
[appco.themetags.com/css/style.css]
[appco.themetags.com/css/responsive.css]
[appco.themetags.com/img/Telemedicine_01.svg]
[appco.themetags.com/img/hero-animation-01.svg]
[appco.themetags.com/img/Telemedicine_03.svg]
[appco.themetags.com/img/hero-animation-03.svg]
[appco.themetags.com/img/hero-bg-shape-2.svg]
[appco.themetags.com/index-3.html]
[appco.themetags.com/img/app-hero-bg.jpg]
[appco.themetags.com/img/hero-bg-shape-1.svg]
[appco.themetags.com/img/image-11.png]
[appco.themetags.com/img/image-14.png]
[appco.themetags.com/img/client-1.jpg]
[appco.themetags.com/img/quote.png]
[appco.themetags.com/img/client-2.jpg]
[appco.themetags.com/index.html]
[appco.themetags.com/img/delivery-app.svg]
[appco.themetags.com/img/video-bg.jpg]
[appco.themetags.com/img/image-13.png]
[appco.themetags.com/index-2.html]
[appco.themetags.com/img/hero-animation-04.svg]
[appco.themetags.com/index-4.html]
[appco.themetags.com/img/hero-animation-02.svg]
[appco.themetags.com/img/about-img.png]
[appco.themetags.com/index-5.html]
[appco.themetags.com/img/hero-bg-4.jpg]
[appco.themetags.com/img/wave-shap.svg]
[appco.themetags.com/img/about-img.jpg]
[appco.themetags.com/index-6.html]
[appco.themetags.com/img/particle.svg]
[appco.themetags.com/img/offer-single-img.png]
[appco.themetags.com/index-7.html]
[appco.themetags.com/basic-login.html]
[appco.themetags.com/login.html]
[appco.themetags.com/basic-sign-up.html]
[appco.themetags.com/sign-up.html]
[appco.themetags.com/img/hero-bg-3.jpg]
[appco.themetags.com/password-reset.html]
[appco.themetags.com/change-password.html]
[appco.themetags.com/download.html]
[appco.themetags.com/img/client-3.jpg]
[appco.themetags.com/img/client-4.jpg]
[appco.themetags.com/img/client-5.jpg]
[appco.themetags.com/img/map.png]
[appco.themetags.com/review.html]
[appco.themetags.com/faq.html]
[appco.themetags.com/404.html]
[appco.themetags.com/coming-soon.html]
[appco.themetags.com/thank-you.html]
[appco.themetags.com/img/team-6.jpg]
[appco.themetags.com/img/team-7.jpg]
[appco.themetags.com/team.html]
[appco.themetags.com/team-single.html]
[appco.themetags.com/img/blog/4.jpg]
[appco.themetags.com/img/blog/5.jpg]
[appco.themetags.com/img/blog/6.jpg]
[appco.themetags.com/blog-default.html]
[appco.themetags.com/img/blog/2-w.jpg]
[appco.themetags.com/img/blog/3-w.jpg]
[appco.themetags.com/img/blog/4-w.jpg]
[appco.themetags.com/blog-left-sidebar.html]
[appco.themetags.com/img/blog/1-w.jpg]
[appco.themetags.com/blog-single-right-sidebar.html]
[appco.themetags.com/img/basic.svg]
[appco.themetags.com/img/standard.svg]
[appco.themetags.com/img/unlimited.svg]
[appco.themetags.com/fonts/themify9f24.svg]
[appco.themetags.com/css/owl.video.play.html]
[appco.themetags.com/img/hero-bg-shape-3.svg]
[appco.themetags.com/img/promo-icon-bg.svg]
[appco.themetags.com/img/about-bg-shape.svg]
[appco.themetags.com/img/shape-bg-right.svg]
[appco.themetags.com/img/Telemedicine_01.svg]
[appco.themetags.com/img/hero-animation-01.svg]
[appco.themetags.com/img/Telemedicine_03.svg]
[appco.themetags.com/img/hero-animation-03.svg]
[appco.themetags.com/img/hero-bg-shape-2.svg]
[appco.themetags.com/img/hero-bg-shape-1.svg]
[appco.themetags.com/img/delivery-app.svg]
[appco.themetags.com/img/hero-animation-04.svg]
[appco.themetags.com/img/hero-animation-02.svg]
[appco.themetags.com/img/wave-shap.svg]
[appco.themetags.com/img/particle.svg]
[appco.themetags.com/blog-single.html]
[appco.themetags.com/img/app-hand-top.png]
